[Licensing::Module] Trying to connect to existing licensing client channel...
Built from '6000.5/staging' branch; Version is '6000.5.0f1 (88b47c5e7076) revision 8959100'; Using compiler version '194234433'; Build Type 'Release'
[Licensing::IpcConnector] Successfully connected to: "LicenseClient-savic" at "2026-06-24T12:43:32.1825766Z"
OS: 'Windows 10  (10.0.19045) 64bit Professional' Language: 'en' Physical Memory: 16307 MB
BatchMode: 0, IsHumanControllingUs: 1, StartBugReporterOnCrash: 1, Is64bit: 1
System  architecture: x64
Process architecture: x64
Date: 2026-06-24T12:43:32Z

COMMAND LINE ARGUMENTS:
D:\Unity\installs\6000.5.0f1\Editor\Unity.exe
-projectpath
D:\Unity\Projects\Project 01
-acceptSoftwareTermsForThisRunOnly
-useHub
-hubIPC
-cloudEnvironment
production
-licensingIpc
LicenseClient-savic
-hubSessionId
d084739e-f5b7-414a-98dd-fe571b3955cd
-accessToken
hAH5otcLx4vTD7JQukafK2IZWs0ELNj3CjZGkAOLVaM006f
Successfully changed project path to: D:\Unity\Projects\Project 01
D:/Unity/Projects/Project 01
[UnityMemory] Configuration Parameters - Can be set up in boot.config
    "memorysetup-temp-allocator-size-gi-baking-worker=262144"
    "memorysetup-temp-allocator-size-gi-baking-worker=262144"
    "memorysetup-temp-allocator-size-gi-baking-worker=262144"
    "memorysetup-temp-allocator-size-gi-baking-worker=262144"
    "memorysetup-temp-allocator-size-gi-baking-worker=262144"
    "memorysetup-temp-allocator-size-nav-mesh-worker=65536"
    "memorysetup-temp-allocator-size-audio-worker=65536"
    "memorysetup-temp-allocator-size-cloud-worker=32768"
    "memorysetup-temp-allocator-size-gfx=262144"
    "memorysetup-temp-allocator-size-preload-manager=33554432"
    "memorysetup-allocator-temp-initial-block-size-main=262144"
    "memorysetup-allocator-temp-initial-block-size-worker=262144"
    "memorysetup-temp-allocator-size-job-worker=262144"
    "memorysetup-temp-allocator-size-background-worker=32768"
    "memorysetup-bucket-allocator-granularity=16"
    "memorysetup-bucket-allocator-bucket-count=8"
    "memorysetup-bucket-allocator-block-size=33554432"
    "memorysetup-bucket-allocator-block-count=8"
    "memorysetup-main-allocator-block-size=16777216"
    "memorysetup-thread-allocator-block-size=16777216"
    "memorysetup-main-allocator-mimalloc-enabled=0"
    "memorysetup-gfx-main-allocator-block-size=16777216"
    "memorysetup-gfx-thread-allocator-block-size=16777216"
    "memorysetup-cache-allocator-block-size=4194304"
    "memorysetup-typetree-allocator-block-size=2097152"
    "memorysetup-profiler-bucket-allocator-granularity=16"
    "memorysetup-profiler-bucket-allocator-bucket-count=8"
    "memorysetup-profiler-bucket-allocator-block-size=33554432"
    "memorysetup-profiler-bucket-allocator-block-count=8"
    "memorysetup-profiler-allocator-block-size=16777216"
    "memorysetup-profiler-editor-allocator-block-size=1048576"
    "memorysetup-temp-allocator-size-main=16777216"
    "memorysetup-job-temp-allocator-block-size=2097152"
    "memorysetup-job-temp-allocator-block-size-background=1048576"
    "memorysetup-job-temp-allocator-reduction-small-platforms=262144"
Player connection [28944]  Target information:

Player connection [28944]  * "[IP] 192.168.1.103 [Port] 55504 [Flags] 2 [Guid] 1802040354 [EditorId] 1802040354 [Version] 1048832 [Id] WindowsEditor(7,DESKTOP-3AQQ8LQ) [Debug] 1 [PackageName] WindowsEditor [ProjectName] Editor" 

Player connection [28944] Host joined multi-casting on [225.0.0.222:54997]...
Player connection [28944] Host joined alternative multi-casting on [225.0.0.222:34997]...
Input System module state changed to: Initialized.
[Physics::Module] Initialized fallback backend.
[Physics::Module] Id: 0xdecafbad
[Package Manager] Connected to IPC stream "Upm-7804" after 2.3 seconds.
[Licensing::Module] Licensing is not yet initialized.
[Licensing::Client] Error: HandshakeResponse reported an error:
	ResponseCode: 505
	ResponseStatus: Unsupported protocol version '1.18.1'.
[Licensing::Module] Error: Failed to handshake to channel: "LicenseClient-savic"
[Licensing::IpcConnector] LicenseClient-savic channel disconnected successfully.
[Licensing::IpcConnector] Channel LicenseClient-savic-6000.5.0 doesn't exist
[Licensing::Module] Successfully launched the LicensingClient (PId: 12976)
Starting IPC server.
Waiting for clients to connect on \\.\pipe\Unity-LicenseClient-savic-6000.5.0, press Ctrl-C to exit.
[Licensing::IpcConnector] Successfully connected to: "LicenseClient-savic-6000.5.0" at "2026-06-24T12:43:53.6720064Z"
[Licensing::Client] Code 10 while verifying Licensing Client signature (process Id: 12976, path: "D:/Unity/installs/6000.5.0f1/Editor/Data/Resources/Licensing/Client/Unity.Licensing.Client.exe")
[Licensing::Module] LicensingClient has failed validation; ignoring
[Licensing::Client] Handshaking with LicensingClient:
  Version:                 1.18.1+9fbee8e
  Session Id:              3baf7d7134614daea07bd9bc006cf22b
  Correlation Id:          08640f732fa0d06bd7f6b957f3cbc6f2
  External correlation Id: 8861589864498428516
  Machine Id:              RaxClSM2nTYIfqSompjN4c7ZjXk=
[Licensing::Module] Successfully connected to LicensingClient on channel: "LicenseClient-savic-6000.5.0" (connect: 9.84s, validation: 1.41s, handshake: 0.02s)
[Licensing::IpcConnector] Successfully connected to: "LicenseClient-savic-6000.5.0-notifications" at "2026-06-24T12:43:55.1010223Z"
[Licensing::Module] Connected to LicensingClient (PId: 12976, launch time: 0.14, total connection time: 11.27s)
[Licensing::Client] Successfully updated the access token
[Licensing::Module] Successfully updated the access token hAH5otcLx4...
[Licensing::Client] Successfully resolved entitlement details
[Licensing::Module] License group:
  Id: 6872857124196-UnityPersXXXX
  Product: Unity Personal
  Type: Assigned
  Expiration: Unlimited
[Licensing::Client] Successfully updated license, isAsync: True, time: 0.05
[Licensing::Client] Successfully resolved entitlement details
[Licensing::Module] Licensing Background thread has ended after 23.01s
[Licensing::Module] Licensing is initialized (took 13.36s).
[Licensing::Client] Successfully resolved entitlement details
Library Redirect Path: Library/
[Physics::Module] Selected backend.
[Physics::Module] Name: PhysX
[Physics::Module] Id: 0xf2b8ea05
[Physics::Module] SDK Version: 4.1.2
[Physics::Module] Integration Version: 1.0.0
[Physics::Module] Threading Mode: Multi-Threaded
Active build profile path: `Assets/Settings/Build Profiles/Windows.asset`
Artifact Garbage Collection - Removed 1 unused hashed content files
Got setting from build profile YAML, name `m_BuildTarget`, value `19`
Got setting from build profile YAML, name `m_Subtarget`, value `2`
Refreshing native plugins compatible for Editor in 578.15 ms, found 1 plugins.
Initialize engine version: 6000.5.0f1 (88b47c5e7076)
[Subsystems] Discovering subsystems at path D:/Unity/installs/6000.5.0f1/Editor/Data/Resources/UnitySubsystems
[Subsystems] Discovering subsystems at path D:/Unity/Projects/Project 01/Assets
[D3D12 Device Filter] Vendor Name: NVIDIA
[D3D12 Device Filter] Device Name: NVIDIA GeForce RTX 2060
[D3D12 Device Filter] Driver Version: 32.0.16.1047
[D3D12 Device Filter] Feature Level: 12.2
[D3D12 Device Filter] Graphics Memory: 5954 MB
[D3D12 Device Filter] Processor Count: 12
[D3D12 Device Filter] Device Type: Discrete
GfxDevice: creating device client; kGfxThreadingModeSplitJobs
d3d12: failed to query info queue interface (0x80004002).
Direct3D:
    Version:         Direct3D 12 [level 12.2]
    Renderer:        NVIDIA GeForce RTX 2060 (ID=0x1f08)
    Vendor:          NVIDIA
    VRAM:            5954 MB
    App VRAM Budget: 5186 MB
    Driver:          32.0.16.1047
Initialize mono
Mono path[0] = 'D:/Unity/installs/6000.5.0f1/Editor/Data/Managed'
Mono path[1] = 'D:/Unity/installs/6000.5.0f1/Editor/Data/BCLExtensions/runtime/netstandard2.1'
Mono path[2] = 'D:/Unity/installs/6000.5.0f1/Editor/Data/MonoBleedingEdge/lib/mono/unityjit-win32'
Mono config path = 'D:/Unity/installs/6000.5.0f1/Editor/Data/MonoBleedingEdge/etc'
Using monoOptions --debugger-agent=transport=dt_socket,embedding=1,server=y,suspend=n,address=127.0.0.1:56804
CodeReloadManager initialized
ImportWorker Server TCP listen port: 0
AcceleratorClientConnectionCallback - disconnected - :0
Begin MonoManager ReloadAssembly
Registering precompiled unity dll's ...
Register platform support module: D:/Unity/installs/6000.5.0f1/Editor/Data/PlaybackEngines/WebGLSupport/UnityEditor.WebGL.Extensions.dll
Register platform support module: D:/Unity/installs/6000.5.0f1/Editor/Data/PlaybackEngines/WindowsStandaloneSupport/UnityEditor.WindowsStandalone.Extensions.dll
Registered in 0.948637 seconds.
Native extension for WindowsStandalone target not found
Native extension for WebGL target not found
Package Manager log level set to [2]
ScheduleIndexationOnStartup MainProcess:False IndexOnStartup:True
Mono: successfully reloaded assembly
- Finished resetting the current domain, in  4.524 seconds
Domain Reload Profiling: 11052ms
	BeginReloadAssembly (962ms)
		CreateAndSetChildDomain (133ms)
	RebuildCommonClasses (70ms)
	RebuildNativeTypeToScriptingClass (381ms)
	initialDomainReloadingComplete (1522ms)
	LoadAllAssembliesAndSetupDomain (3589ms)
		LoadAssemblies (816ms)
		AnalyzeDomain (3407ms)
			TypeCache.Refresh (3369ms)
				TypeCache.ScanAssembly (2843ms)
			ResolveRequiredComponents (36ms)
	FinalizeReload (4527ms)
		SetupLoadedEditorAssemblies (0ms)
			InitializePlatformSupportModulesInManaged (3ms)
			BeforeProcessingInitializeOnLoad (166ms)
			ProcessInitializeOnLoadAttributes (331ms)
			ProcessInitializeOnLoadMethodAttributes (3624ms)
[Licensing::Client] Successfully resolved entitlement details
Application.AssetDatabase Initial Refresh Start
[Package Manager] Restoring resolved packages state from cache
[Licensing::Client] Successfully resolved entitlement details
[Package Manager] Registered 72 packages:
  Packages from [https://packages.unity.com]:
    com.unity.2d.animation@15.1.0 (location: D:\Unity\Projects\Project 01\Library\PackageCache\com.unity.2d.animation@6d5a363ae647)
    com.unity.2d.aseprite@5.0.3 (location: D:\Unity\Projects\Project 01\Library\PackageCache\com.unity.2d.aseprite@d13865913efa)
    com.unity.2d.psdimporter@14.0.3 (location: D:\Unity\Projects\Project 01\Library\PackageCache\com.unity.2d.psdimporter@5d82044f9e43)
    com.unity.2d.spriteshape@15.0.3 (location: D:\Unity\Projects\Project 01\Library\PackageCache\com.unity.2d.spriteshape@fcb7ec61a58b)
    com.unity.2d.tilemap.extras@8.0.3 (location: D:\Unity\Projects\Project 01\Library\PackageCache\com.unity.2d.tilemap.extras@a80140457adc)
    com.unity.2d.tooling@3.0.1 (location: D:\Unity\Projects\Project 01\Library\PackageCache\com.unity.2d.tooling@6f06ffb033c0)
    com.unity.ai.navigation@2.0.13 (location: D:\Unity\Projects\Project 01\Library\PackageCache\com.unity.ai.navigation@42d896194035)
    com.unity.analytics@3.8.2 (location: D:\Unity\Projects\Project 01\Library\PackageCache\com.unity.analytics@c9d14a6bdec6)
    com.unity.collab-proxy@2.12.4 (location: D:\Unity\Projects\Project 01\Library\PackageCache\com.unity.collab-proxy@0b1559bcd34e)
    com.unity.ide.rider@3.0.38 (location: D:\Unity\Projects\Project 01\Library\PackageCache\com.unity.ide.rider@1f60b3138684)
    com.unity.ide.visualstudio@2.0.26 (location: D:\Unity\Projects\Project 01\Library\PackageCache\com.unity.ide.visualstudio@a99d56dec63f)
    com.unity.inputsystem@1.19.0 (location: D:\Unity\Projects\Project 01\Library\PackageCache\com.unity.inputsystem@21a28c3a6c83)
    com.unity.purchasing@4.15.1 (location: D:\Unity\Projects\Project 01\Library\PackageCache\com.unity.purchasing@265595791a69)
    com.unity.timeline@1.8.12 (location: D:\Unity\Projects\Project 01\Library\PackageCache\com.unity.timeline@8cd8509afae5)
    com.unity.visualscripting@1.9.11 (location: D:\Unity\Projects\Project 01\Library\PackageCache\com.unity.visualscripting@8bed5ad90189)
    com.unity.xr.legacyinputhelpers@3.0.1 (location: D:\Unity\Projects\Project 01\Library\PackageCache\com.unity.xr.legacyinputhelpers@3f62d634f63b)
    com.unity.services.core@1.18.0 (location: D:\Unity\Projects\Project 01\Library\PackageCache\com.unity.services.core@3464cb68d709)
    com.unity.services.analytics@6.3.0 (location: D:\Unity\Projects\Project 01\Library\PackageCache\com.unity.services.analytics@cde4e6cf92f9)
    com.unity.2d.common@14.0.1 (location: D:\Unity\Projects\Project 01\Library\PackageCache\com.unity.2d.common@73badf92ba8b)
    com.unity.searcher@4.9.4 (location: D:\Unity\Projects\Project 01\Library\PackageCache\com.unity.searcher@d45a78918735)
    com.unity.burst@1.8.29 (location: D:\Unity\Projects\Project 01\Library\PackageCache\com.unity.burst@6bb9aca3ef38)
    com.unity.nuget.newtonsoft-json@3.2.2 (location: D:\Unity\Projects\Project 01\Library\PackageCache\com.unity.nuget.newtonsoft-json@4dfd81071c64)
    com.unity.nuget.mono-cecil@1.11.6 (location: D:\Unity\Projects\Project 01\Library\PackageCache\com.unity.nuget.mono-cecil@ecb9724e46ff)
    com.unity.test-framework.performance@3.5.0 (location: D:\Unity\Projects\Project 01\Library\PackageCache\com.unity.test-framework.performance@8b56083ec0f0)
  Built-in packages:
    com.unity.2d.sprite@1.0.0 (location: D:\Unity\Projects\Project 01\Library\PackageCache\com.unity.2d.sprite@053a968eab56)
    com.unity.2d.tilemap@1.0.0 (location: D:\Unity\Projects\Project 01\Library\PackageCache\com.unity.2d.tilemap@be0bacb99591)
    com.unity.multiplayer.center@1.0.1 (location: D:\Unity\Projects\Project 01\Library\PackageCache\com.unity.multiplayer.center@b860850997d0)
    com.unity.render-pipelines.universal@17.5.0 (location: D:\Unity\Projects\Project 01\Library\PackageCache\com.unity.render-pipelines.universal@0c18adc4ff89)
    com.unity.test-framework@1.7.0 (location: D:\Unity\Projects\Project 01\Library\PackageCache\com.unity.test-framework@f3e6c9a02477)
    com.unity.ugui@2.5.0 (location: D:\Unity\Projects\Project 01\Library\PackageCache\com.unity.ugui@4f9b15fd1386)
    com.unity.modules.accessibility@1.0.0 (location: D:\Unity\Projects\Project 01\Library\PackageCache\com.unity.modules.accessibility)
    com.unity.modules.adaptiveperformance@1.0.0 (location: D:\Unity\Projects\Project 01\Library\PackageCache\com.unity.modules.adaptiveperformance)
    com.unity.modules.ai@1.0.0 (location: D:\Unity\Projects\Project 01\Library\PackageCache\com.unity.modules.ai)
    com.unity.modules.androidjni@1.0.0 (location: D:\Unity\Projects\Project 01\Library\PackageCache\com.unity.modules.androidjni)
    com.unity.modules.animation@1.0.0 (location: D:\Unity\Projects\Project 01\Library\PackageCache\com.unity.modules.animation)
    com.unity.modules.assetbundle@1.0.0 (location: D:\Unity\Projects\Project 01\Library\PackageCache\com.unity.modules.assetbundle)
    com.unity.modules.audio@1.0.0 (location: D:\Unity\Projects\Project 01\Library\PackageCache\com.unity.modules.audio)
    com.unity.modules.cloth@1.0.0 (location: D:\Unity\Projects\Project 01\Library\PackageCache\com.unity.modules.cloth)
    com.unity.modules.director@1.0.0 (location: D:\Unity\Projects\Project 01\Library\PackageCache\com.unity.modules.director)
    com.unity.modules.imageconversion@1.0.0 (location: D:\Unity\Projects\Project 01\Library\PackageCache\com.unity.modules.imageconversion)
    com.unity.modules.imgui@1.0.0 (location: D:\Unity\Projects\Project 01\Library\PackageCache\com.unity.modules.imgui)
    com.unity.modules.jsonserialize@1.0.0 (location: D:\Unity\Projects\Project 01\Library\PackageCache\com.unity.modules.jsonserialize)
    com.unity.modules.particlesystem@1.0.0 (location: D:\Unity\Projects\Project 01\Library\PackageCache\com.unity.modules.particlesystem)
    com.unity.modules.physics@1.0.0 (location: D:\Unity\Projects\Project 01\Library\PackageCache\com.unity.modules.physics)
    com.unity.modules.physics2d@1.0.0 (location: D:\Unity\Projects\Project 01\Library\PackageCache\com.unity.modules.physics2d)
    com.unity.modules.physicscore2d@1.0.0 (location: D:\Unity\Projects\Project 01\Library\PackageCache\com.unity.modules.physicscore2d)
    com.unity.modules.screencapture@1.0.0 (location: D:\Unity\Projects\Project 01\Library\PackageCache\com.unity.modules.screencapture)
    com.unity.modules.terrain@1.0.0 (location: D:\Unity\Projects\Project 01\Library\PackageCache\com.unity.modules.terrain)
    com.unity.modules.terrainphysics@1.0.0 (location: D:\Unity\Projects\Project 01\Library\PackageCache\com.unity.modules.terrainphysics)
    com.unity.modules.tilemap@1.0.0 (location: D:\Unity\Projects\Project 01\Library\PackageCache\com.unity.modules.tilemap)
    com.unity.modules.ui@1.0.0 (location: D:\Unity\Projects\Project 01\Library\PackageCache\com.unity.modules.ui)
    com.unity.modules.uielements@1.0.0 (location: D:\Unity\Projects\Project 01\Library\PackageCache\com.unity.modules.uielements)
    com.unity.modules.umbra@1.0.0 (location: D:\Unity\Projects\Project 01\Library\PackageCache\com.unity.modules.umbra)
    com.unity.modules.unityanalytics@1.0.0 (location: D:\Unity\Projects\Project 01\Library\PackageCache\com.unity.modules.unityanalytics)
    com.unity.modules.unitywebrequest@1.0.0 (location: D:\Unity\Projects\Project 01\Library\PackageCache\com.unity.modules.unitywebrequest)
    com.unity.modules.unitywebrequestassetbundle@1.0.0 (location: D:\Unity\Projects\Project 01\Library\PackageCache\com.unity.modules.unitywebrequestassetbundle)
    com.unity.modules.unitywebrequestaudio@1.0.0 (location: D:\Unity\Projects\Project 01\Library\PackageCache\com.unity.modules.unitywebrequestaudio)
    com.unity.modules.unitywebrequesttexture@1.0.0 (location: D:\Unity\Projects\Project 01\Library\PackageCache\com.unity.modules.unitywebrequesttexture)
    com.unity.modules.unitywebrequestwww@1.0.0 (location: D:\Unity\Projects\Project 01\Library\PackageCache\com.unity.modules.unitywebrequestwww)
    com.unity.modules.vectorgraphics@1.0.0 (location: D:\Unity\Projects\Project 01\Library\PackageCache\com.unity.modules.vectorgraphics)
    com.unity.modules.vehicles@1.0.0 (location: D:\Unity\Projects\Project 01\Library\PackageCache\com.unity.modules.vehicles)
    com.unity.modules.video@1.0.0 (location: D:\Unity\Projects\Project 01\Library\PackageCache\com.unity.modules.video)
    com.unity.modules.wind@1.0.0 (location: D:\Unity\Projects\Project 01\Library\PackageCache\com.unity.modules.wind)
    com.unity.modules.xr@1.0.0 (location: D:\Unity\Projects\Project 01\Library\PackageCache\com.unity.modules.xr)
    com.unity.modules.subsystems@1.0.0 (location: D:\Unity\Projects\Project 01\Library\PackageCache\com.unity.modules.subsystems)
    com.unity.modules.hierarchycore@1.0.0 (location: D:\Unity\Projects\Project 01\Library\PackageCache\com.unity.modules.hierarchycore)
    com.unity.ext.nunit@2.1.0 (location: D:\Unity\Projects\Project 01\Library\PackageCache\com.unity.ext.nunit@44f7d31723bd)
    com.unity.render-pipelines.core@17.5.0 (location: D:\Unity\Projects\Project 01\Library\PackageCache\com.unity.render-pipelines.core@f43b729f1f6e)
    com.unity.shadergraph@17.5.0 (location: D:\Unity\Projects\Project 01\Library\PackageCache\com.unity.shadergraph@3fa956880a81)
    com.unity.render-pipelines.universal-config@17.5.0 (location: D:\Unity\Projects\Project 01\Library\PackageCache\com.unity.render-pipelines.universal-config@fdda01c80fe3)
    com.unity.mathematics@1.4.0 (location: D:\Unity\Projects\Project 01\Library\PackageCache\com.unity.mathematics@981956d94fb6)
    com.unity.collections@6.5.0 (location: D:\Unity\Projects\Project 01\Library\PackageCache\com.unity.collections@a43cabe808ca)
[Subsystems] No new subsystems found in resolved package list.
[Package Manager] Done registering packages in 0.09 seconds
info: Microsoft.Hosting.Lifetime[14]
      Now listening on: http://localhost:80
info: Microsoft.Hosting.Lifetime[0]
      Application started. Press Ctrl+C to shut down.
info: Microsoft.Hosting.Lifetime[0]
      Hosting environment: Production
info: Microsoft.Hosting.Lifetime[0]
      Content root path: D:\Unity\Projects\Project 01
info: Microsoft.AspNetCore.Hosting.Diagnostics[1]
      Request starting HTTP/2 POST http://ilpp/UnityILPP.PostProcessing/Ping - application/grpc -
info: Microsoft.AspNetCore.Routing.EndpointMiddleware[0]
      Executing endpoint 'gRPC - /UnityILPP.PostProcessing/Ping'
info: Microsoft.AspNetCore.Routing.EndpointMiddleware[1]
      Executed endpoint 'gRPC - /UnityILPP.PostProcessing/Ping'
info: Microsoft.AspNetCore.Hosting.Diagnostics[2]
      Request finished HTTP/2 POST http://ilpp/UnityILPP.PostProcessing/Ping - 200 - application/grpc 590.7457ms
Starting: D:\Unity\installs\6000.5.0f1\Editor\Data\Tools\BuildPipeline\bee_backend.exe --ipc --defer-dag-verification --dagfile="Library/Bee/1900b0aE.dag" --continue-on-failure --profile="Library/Bee/backend1.traceevents" ScriptAssemblies
WorkingDir: D:/Unity/Projects/Project 01
info: Microsoft.AspNetCore.Hosting.Diagnostics[1]
      Request starting HTTP/2 POST http://ilpp/UnityILPP.PostProcessing/ConfigurePostProcessors - application/grpc -
info: Microsoft.AspNetCore.Routing.EndpointMiddleware[0]
      Executing endpoint 'gRPC - /UnityILPP.PostProcessing/ConfigurePostProcessors'
warn: Unity.ILPP.Runner.PostProcessingAssemblyLoadContext[0]
      Assembly system.runtime.interopservices.windowsruntime has duplicate hint path. Ignoring "D:\Unity\installs\6000.5.0f1\Editor\Data\UnityReferenceAssemblies\unity-4.8-api\Facades\System.Runtime.InteropServices.WindowsRuntime.dll" in favor of "D:\Unity\installs\6000.5.0f1\Editor\Data\NetStandard\Extensions\2.0.0\System.Runtime.InteropServices.WindowsRuntime.dll"
warn: Unity.ILPP.Runner.PostProcessingAssemblyLoadContext[0]
      Assembly system.componentmodel.composition has duplicate hint path. Ignoring "D:\Unity\installs\6000.5.0f1\Editor\Data\UnityReferenceAssemblies\unity-4.8-api\System.ComponentModel.Composition.dll" in favor of "D:\Unity\installs\6000.5.0f1\Editor\Data\NetStandard\compat\2.1.0\shims\netfx\System.ComponentModel.Composition.dll"
info: Unity.ILPP.Runner.PostProcessingAssemblyLoadContext[0]
      Resolved Unity.Burst.Cecil, Version=0.11.6.0, Culture=neutral, PublicKeyToken=50cebf1cceb9d05e with Library\PackageCache\com.unity.burst@6bb9aca3ef38\Unity.Burst.CodeGen\Unity.Burst.Cecil.dll
info: Unity.ILPP.Runner.PostProcessingAssemblyLoadContext[0]
      Resolved Mono.Cecil, Version=0.11.5.0, Culture=neutral, PublicKeyToken=50cebf1cceb9d05e with Library\PackageCache\com.unity.nuget.mono-cecil@ecb9724e46ff\Mono.Cecil.dll
info: Microsoft.AspNetCore.Routing.EndpointMiddleware[1]
      Executed endpoint 'gRPC - /UnityILPP.PostProcessing/ConfigurePostProcessors'
info: Microsoft.AspNetCore.Hosting.Diagnostics[2]
      Request finished HTTP/2 POST http://ilpp/UnityILPP.PostProcessing/ConfigurePostProcessors - 200 - application/grpc 1158.8829ms
ExitCode: 0 Duration: 7s181ms
[ 321/1571  0s] WriteResponseFile Library/Bee/artifacts/rsp/4747638433968585886.rsp
[1198/1571  1s] ILPP-Configuration Library/ilpp-configuration.nevergeneratedoutput
*** Tundra build success (7.10 seconds), 2 items updated, 1571 evaluated
AssetDatabase: script compilation time: 15.133553s
[Licensing::Client] Successfully resolved entitlement details
Begin MonoManager ReloadAssembly
Total cache size 59501688
Total cache size after purge 59501688, took 00:00:00.3550295
Symbol file LoadedFromMemory is not a mono symbol file
Refreshing native plugins compatible for Editor in 488.29 ms, found 6 plugins.
Native extension for WindowsStandalone target not found
Native extension for WebGL target not found
Refreshing native plugins compatible for Editor in 5.59 ms, found 6 plugins.
ScheduleIndexationOnStartup MainProcess:True IndexOnStartup:True
Mono: successfully reloaded assembly
- Finished resetting the current domain, in 12.953 seconds
Domain Reload Profiling: 21081ms
	BeginReloadAssembly (419ms)
		DisableScriptedObjects (67ms)
		CreateAndSetChildDomain (120ms)
	RebuildCommonClasses (10ms)
	RebuildNativeTypeToScriptingClass (21ms)
	initialDomainReloadingComplete (60ms)
	LoadAllAssembliesAndSetupDomain (7617ms)
		LoadAssemblies (6800ms)
		AnalyzeDomain (798ms)
			TypeCache.Refresh (673ms)
				TypeCache.ScanAssembly (654ms)
			BuildScriptInfoCaches (113ms)
			ResolveRequiredComponents (10ms)
	FinalizeReload (12954ms)
		SetupLoadedEditorAssemblies (0ms)
			BeforeProcessingInitializeOnLoad (106ms)
			ProcessInitializeOnLoadAttributes (6601ms)
			ProcessInitializeOnLoadMethodAttributes (4500ms)
			AfterProcessingInitializeOnLoad (4ms)
			EditorAssembliesLoaded (18ms)
		AwakeInstancesAfterBackupRestoration (23ms)
Starting new worker id: 0 with log in D:/Unity/Projects/Project 01/Logs/AssetImportWorkerHW0.log

Asset Pipeline Refresh (id=5c083c963ae163244a298eeaef1be022): Total: 82.708 seconds - Initiated by InitialRefreshV2(ForceSynchronousImport)
	(Values over 0.05ms)
	Summary:
		Imports: total=0 (actual=0, local cache=0, cache server=0)
		Asset DB Process Time: managed=0 ms, native=58993 ms
		Asset DB Callback time: managed=166 ms, native=140 ms
		Scripting: domain reloads=1, domain reload time=8194 ms, compile time=15135 ms, other=77 ms
		Project Asset Count: scripts=2068, non-scripts=4781
		Asset File Changes: new=0, changed=0, moved=0, deleted=0
		Scan Filter Count: 0
	InvokePackagesCallback: 152.503ms
	ApplyChangesToAssetFolders: 0.619ms
	Scan: 23265.351ms
	Collect global state as custom dependencies: 68.202ms
	CategorizeScriptCompilationAssets: 5082.487ms
	ProcessAssetsWithTransientArtifactChanges: 116.022ms
	CategorizeAssets: 90.509ms
	CompileScripts: 15135.208ms
	ImportOutOfDateAssets: 13677.245ms (13601.620ms without children)
		UnloadImportedAssets: 0.935ms
		EnsureUptoDateAssetsAreRegisteredWithGuidPM: 1.161ms
		ImportSchedulerStart: 73.479ms
	PostProcessAllAssets: 166.815ms
		MonoPostProcessAllAssets: 166.727ms
			UniversalRenderPipelineGlobalSettingsPostprocessor.OnPostprocessAllAssets 70.308ms
			SyncVS.PostprocessSyncProject 6.529ms
			SpeedTree9Postprocessor.OnPostprocessAllAssets 4.831ms
			WindowAssetPostprocessingWatcher.OnPostprocessAllAssets 2.546ms
			RenderPipelineGlobalSettingsPostprocessor.OnPostprocessAllAssets 0.809ms
			ShaderReflectionAssetPostProcessor.OnPostprocessAllAssets 0.498ms
			InputActionAssetPostprocessor.OnPostprocessAllAssets 0.443ms
			ReferencedClipsPostProcessor.OnPostprocessAllAssets 0.417ms
			ProjectSettingsPostprocessor.OnPostprocessAllAssets 0.392ms
			TerrainToolbarOverlayPostProcessor.OnPostprocessAllAssets 0.387ms
			AssetDatabaseCallbacks.OnPostprocessAllAssets 0.183ms
	UnloadStreamsBegin: 3.129ms
	PersistCurrentRevisions: 0.190ms
	GenerateScriptTypeHashes: 3.086ms
	GenerateScriptTypeSerializationHashes: 5.982ms
	Untracked: 24910.994ms

Application.AssetDatabase Initial Refresh End
Launched and connected shader compiler UnityShaderCompiler.exe after 0.34 seconds
Worker ready: AssetImportWorkerHW0 0
Scanning for USB devices : 7.072ms
Initializing Unity extensions:
[MODES] ModeService[none].Initialize
[MODES] ModeService[none].LoadModes
[MODES] Loading mode Default (0) for mode-current-id-Project 01
Unloading 34 Unused Serialized files (Serialized files now loaded: 0)
[Licensing::Client] Successfully resolved entitlement details
Loaded scene 'Assets/asdads.unity'
	Deserialize:            693.239 ms
	Integration:            1622.635 ms
	Integration of assets:  230.141 ms
	Thread Wait Time:       -6.313 ms
	Total Operation Time:   2539.702 ms
Unloading 8173 unused Assets / (11.1 MB). Loaded Objects now: 9169.
Memory consumption went from 473.9 MB to 462.8 MB.
Total: 152.003200 ms (FindLiveObjects: 1.273700 ms CreateObjectMapping: 2.732400 ms MarkObjects: 142.895000 ms  DeleteObjects: 5.099200 ms)

[LAYOUT] About to load UserSettings\Layouts\default-6000.dwlt, keepMainWindow=False
[LAYOUT] About to save layout D:\Unity\Projects\Project 01\UserSettings\Layouts\default-6000.dwlt
[LAYOUT] About to save layout C:/Users/savic/AppData/Roaming/Unity/Editor-5.x/Preferences\Layouts\current\default-6000.dwlt
[MODES] ModeService[default].InitializeCurrentMode
[MODES] ModeService[default].RaiseModeChanged(default, default)
<RI> Initializing input.
Using Windows.Gaming.Input
[Project] Loading completed in 176.532 seconds
	Project init time: 				168.761 seconds
		Template init time: 		0.000 seconds
		Package Manager init time: 		15.826 seconds
		Asset Database init time: 		15.764 seconds
		Global illumination init time: 	0.179 seconds
		Assemblies load time: 			25.917 seconds
		Unity extensions init time: 	0.053 seconds
		Asset Database refresh time: 	82.708 seconds
	Scene opening time: 			7.174 seconds
##utp:{"type":"ProjectInfo","version":2,"phase":"Immediate","time":1782305188646,"processId":7804,"projectLoad":176.5316153,"projectInit":168.7612823,"templateInit":0.0,"packageManagerInit":15.8256699,"assetDatabaseInit":15.7636189,"globalIlluminationInit":0.1794705,"assembliesLoad":25.9165415,"unityExtensionsInit":0.0526129,"assetDatabaseRefresh":82.7077717,"sceneOpening":7.1736905}
##utp:{"type":"EditorInfo","version":2,"phase":"Immediate","time":1782305188666,"processId":7804,"editorVersion":"6000.5.0f1 (88b47c5e7076)","branch":"6000.5/staging","buildType":"Release","platform":"Windows"}
Asset Pipeline Refresh (id=51a75c890a5810f44bbb98811bfeab88): Total: 0.176 seconds - Initiated by RefreshV2(AllowForceSynchronousImport)
[Licensing::Client] Successfully resolved entitlement details
Start Indexing on Editor startup
[Indexing] Starting Initial Indexing for Assets
Created GICache directory at C:/Users/savic/AppData/LocalLow/Unity/Caches/GiCache. Took: 0.092s, timestamps: [176.787 - 176.879]
[Licensing::Client] Successfully resolved entitlement details
[Licensing::Client] Successfully resolved entitlement details
[Licensing::Client] Successfully resolved entitlement details
[Licensing::Client] Successfully resolved entitlement details
[Licensing::Client] Successfully resolved entitlement details
[Licensing::Client] Successfully updated the access token
[Licensing::Module] Successfully updated access token: "hAH5otcL"... (expires: 2026-06-24T14:02:39Z)
SpriteAtlasPacking completed in 0.059416 sec
Reloading assemblies for play mode.
Reloading assemblies after forced synchronous recompile.
Begin MonoManager ReloadAssembly
Symbol file LoadedFromMemory is not a mono symbol file
Refreshing native plugins compatible for Editor in 30.83 ms, found 6 plugins.
Native extension for WindowsStandalone target not found
Native extension for WebGL target not found
ScheduleIndexationOnStartup MainProcess:True IndexOnStartup:True
[MODES] ModeService[none].Initialize
[MODES] ModeService[none].LoadModes
Mono: successfully reloaded assembly
- Finished resetting the current domain, in  2.308 seconds
Domain Reload Profiling: 3639ms
	BeginReloadAssembly (970ms)
		DisableScriptedObjects (248ms)
		CreateAndSetChildDomain (535ms)
	RebuildCommonClasses (10ms)
	RebuildNativeTypeToScriptingClass (20ms)
	initialDomainReloadingComplete (66ms)
	LoadAllAssembliesAndSetupDomain (265ms)
		LoadAssemblies (195ms)
		AnalyzeDomain (24ms)
			TypeCache.Refresh (9ms)
			ResolveRequiredComponents (10ms)
	FinalizeReload (2309ms)
		SetupLoadedEditorAssemblies (0ms)
			BeforeProcessingInitializeOnLoad (104ms)
			ProcessInitializeOnLoadAttributes (526ms)
			ProcessInitializeOnLoadMethodAttributes (372ms)
			AfterProcessingInitializeOnLoad (4ms)
		AwakeInstancesAfterBackupRestoration (810ms)
No restricted APIs configured; Validation skipped.
Checking 27 assemblies for restricted APIs found 0 usage(s) in 4 ms
Refreshing native plugins compatible for Editor in 5.72 ms, found 6 plugins.

Asset Pipeline Refresh (id=fa8f4250aa7ecd149940125c88a38e02): Total: 5.827 seconds - Initiated by StopAssetImportingV2(ForceSynchronousImport | ForceDomainReload)
	(Values over 0.05ms)
	Summary:
		Imports: total=0 (actual=0, local cache=0, cache server=0)
		Asset DB Process Time: managed=0 ms, native=2791 ms
		Asset DB Callback time: managed=1204 ms, native=435 ms
		Scripting: domain reloads=1, domain reload time=1393 ms, compile time=2 ms, other=0 ms
		Project Asset Count: scripts=2068, non-scripts=4781
		Asset File Changes: new=0, changed=0, moved=0, deleted=0
		Scan Filter Count: 0
	InvokePackagesCallback: 1.263ms
	ApplyChangesToAssetFolders: 0.393ms
	Collect global state as custom dependencies: 2.295ms
	ProcessAssetsWithTransientArtifactChanges: 233.984ms
	CategorizeAssets: 85.512ms
	CompileScripts: 1.720ms
	ImportOutOfDateAssets: 2419.679ms (2364.415ms without children)
		CollectScriptTypesHashes: 2.617ms
		ReloadNativeAssets: 1.727ms
		UnloadImportedAssets: 1.856ms
		EnsureUptoDateAssetsAreRegisteredWithGuidPM: 1.165ms
		ImportSchedulerStart: 50.484ms
	PostProcessAllAssets: 1629.979ms
		AssemblyValidation.PostprocessAllAssets 42.425ms
		PostprocessAssetsUpdateCachedIcon 25.543ms
		PostProcessCallbackCreateDeferredMaterials 25.461ms
		SpriteAtlasDatabase.OnAssetPostprocessCallback 24.925ms
		ShaderAssetModifiedCallback 15.250ms
		RaytracingShaderImportPostprocess 14.560ms
		ComputeShaderImportPostprocess 14.099ms
		SpeedTreeImporter.PostprocessAllAssets 10.794ms
		BlockShaderImporter.PostprocessAllAssets 5.232ms
		LocalizationDatabase.AssetDatabasePostprocessCallback 5.009ms
		XRBuildSystem.XRAssetImported 1.512ms
		MonoPostProcessAllAssets: 1201.289ms
			SyncVS.PostprocessSyncProject 324.876ms
			ShaderGraphAssetPostProcessor.OnPostprocessAllAssets 282.332ms
			AssetPostprocessor.OnPostprocessAllAssets 152.269ms
			PostProcessor.OnPostprocessAllAssets 76.338ms
			InputActionJsonNameModifierAssetProcessor.OnPostprocessAllAssets 61.057ms
			MaterialPostprocessor.OnPostprocessAllAssets 51.202ms
			InputActionAssetPostprocessor.OnPostprocessAllAssets 50.860ms
			TextAssetPostProcessor.OnPostprocessAllAssets 29.247ms
			SpriteSlicePostprocessor.OnPostprocessAllAssets 27.194ms
			AssetChangedListener.OnPostprocessAllAssets 21.906ms
			UniversalRenderPipelineGlobalSettingsPostprocessor.OnPostprocessAllAssets 11.482ms
			BuilderAssetPostprocessor.OnPostprocessAllAssets 9.614ms
			RenderPipelineGlobalSettingsPostprocessor.OnPostprocessAllAssets 7.574ms
			SpeedTree9Postprocessor.OnPostprocessAllAssets 7.234ms
			RetainedModeAssetPostprocessor.OnPostprocessAllAssets 2.521ms
			WindowAssetPostprocessingWatcher.OnPostprocessAllAssets 2.002ms
			StyleCatalogPostProcessor.OnPostprocessAllAssets 1.133ms
			SpriteEditorTexturePostprocessor.OnPostprocessAllAssets 0.890ms
			SpriteShapeAssetPostProcessor.OnPostprocessAllAssets 0.745ms
			ArtifactBrowserPostProcessor.OnPostprocessAllAssets 0.745ms
			ShaderReflectionAssetPostProcessor.OnPostprocessAllAssets 0.643ms
			SpeedTreePostProcessor.OnPostprocessAllAssets 0.585ms
			ReferencedClipsPostProcessor.OnPostprocessAllAssets 0.554ms
			AudioMixerPostprocessor.OnPostprocessAllAssets 0.506ms
			AssetProcessor.OnPostprocessAllAssets 0.483ms
			UVCSAssetPostprocessor.OnPostprocessAllAssets 0.424ms
			SampleDependencyImporterPostProcessor.OnPostprocessAllAssets 0.404ms
			ProjectSettingsPostprocessor.OnPostprocessAllAssets 0.351ms
			AssetEvents.OnPostprocessAllAssets 0.318ms
			TMPro_TexturePostProcessor.OnPostprocessAllAssets 0.289ms
			SpriteLibraryAssetPostprocessor.OnPostprocessAllAssets 0.256ms
			TerrainToolbarOverlayPostProcessor.OnPostprocessAllAssets 0.173ms
			SamplePostprocessor.OnPostprocessAllAssets 0.161ms
			AssetDatabaseCallbacks.OnPostprocessAllAssets 0.157ms
			PSDImportPostProcessor.OnPostprocessAllAssets 0.155ms
			ScenarioDriftAssetsTracker.OnPostprocessAllAssets 0.145ms
			ConfigAssetsTracker.OnPostprocessAllAssets 0.144ms
			AudioContainerPostProcessor.OnPostprocessAllAssets 0.120ms
			PSDImporterAssetPostProcessor.OnPostprocessAllAssets 0.104ms
	PostAssetChangesProfiler: 9.957ms
	GatherAllCurrentPrimaryImportResultRevisions: 0.511ms
	UnloadStreamsBegin: 1.880ms
	PersistCurrentRevisions: 0.190ms
	GenerateScriptTypeHashes: 5.861ms
	GenerateScriptTypeSerializationHashes: 10.310ms
	Untracked: 1433.066ms

Loaded scene 'Temp/__Backupscenes/0.backup'
	Deserialize:            2.885 ms
	Integration:            398.688 ms
	Integration of assets:  0.005 ms
	Thread Wait Time:       0.012 ms
	Total Operation Time:   401.590 ms
2026-06-24 14:47:10.093 (   0.002s) [        21C1492A]      netinterfaces.cpp:36    INFO| netif '{5B1D8189-67C7-4B2E-8A74-D4AF3AB0F5E7}' (status: 1, multicast: 1
2026-06-24 14:47:10.093 (   0.002s) [        21C1492A]      netinterfaces.cpp:58    INFO| 	IPv6 ifindex 8
2026-06-24 14:47:10.093 (   0.002s) [        21C1492A]      netinterfaces.cpp:36    INFO| netif '{BE117E6B-95DD-414B-BCB8-6A783052B0A0}' (status: 2, multicast: 1
2026-06-24 14:47:10.093 (   0.002s) [        21C1492A]      netinterfaces.cpp:36    INFO| netif '{F7BC815B-274E-11EA-9FE4-806E6F6E6963}' (status: 1, multicast: 1
2026-06-24 14:47:10.093 (   0.002s) [        21C1492A]      netinterfaces.cpp:58    INFO| 	IPv6 ifindex 1
2026-06-24 14:47:10.093 (   0.002s) [        21C1492A]         api_config.cpp:270   INFO| Loaded default config
[Licensing::Client] Successfully resolved entitlement details
[Licensing::Client] Successfully resolved entitlement details
[Licensing::Client] Successfully resolved entitlement details
[Licensing::Client] Successfully resolved entitlement details
Unloading 14 Unused Serialized files (Serialized files now loaded: 0)
Loaded scene 'Temp/__Backupscenes/0.backup'
	Deserialize:            1.917 ms
	Integration:            294.847 ms
	Integration of assets:  0.001 ms
	Thread Wait Time:       0.006 ms
	Total Operation Time:   296.772 ms
Unloading 7376 unused Assets / (30.7 MB). Loaded Objects now: 10222.
Memory consumption went from 0.65 GB to 0.62 GB.
Total: 47.329100 ms (FindLiveObjects: 1.380400 ms CreateObjectMapping: 2.703300 ms MarkObjects: 33.021300 ms  DeleteObjects: 10.222400 ms)

[Licensing::Client] Successfully resolved entitlement details
TrimDiskCacheJob: Current cache size 0mb
Asset Pipeline Refresh (id=75c511d0d79cbe447bc9efc454d9ce2d): Total: 0.005 seconds - Initiated by RefreshV2(AllowForceSynchronousImport)
SpriteAtlasPacking completed in 0.007861 sec
Reloading assemblies for play mode.
Reloading assemblies after forced synchronous recompile.
Begin MonoManager ReloadAssembly
Symbol file LoadedFromMemory is not a mono symbol file
Refreshing native plugins compatible for Editor in 6.46 ms, found 6 plugins.
Native extension for WindowsStandalone target not found
Native extension for WebGL target not found
ScheduleIndexationOnStartup MainProcess:True IndexOnStartup:True
[MODES] ModeService[none].Initialize
[MODES] ModeService[none].LoadModes
Mono: successfully reloaded assembly
- Finished resetting the current domain, in  2.476 seconds
Domain Reload Profiling: 3743ms
	BeginReloadAssembly (906ms)
		DisableScriptedObjects (133ms)
		CreateAndSetChildDomain (539ms)
	RebuildCommonClasses (11ms)
	RebuildNativeTypeToScriptingClass (21ms)
	initialDomainReloadingComplete (71ms)
	LoadAllAssembliesAndSetupDomain (258ms)
		LoadAssemblies (175ms)
		AnalyzeDomain (27ms)
			TypeCache.Refresh (10ms)
			ResolveRequiredComponents (11ms)
	FinalizeReload (2477ms)
		SetupLoadedEditorAssemblies (0ms)
			BeforeProcessingInitializeOnLoad (121ms)
			ProcessInitializeOnLoadAttributes (535ms)
			ProcessInitializeOnLoadMethodAttributes (416ms)
			AfterProcessingInitializeOnLoad (4ms)
		AwakeInstancesAfterBackupRestoration (722ms)

Asset Pipeline Refresh (id=478ad5b6bac350b4ab9133fa079591b6): Total: 4.058 seconds - Initiated by StopAssetImportingV2(ForceSynchronousImport | ForceDomainReload)
	(Values over 0.05ms)
	Summary:
		Imports: total=0 (actual=0, local cache=0, cache server=0)
		Asset DB Process Time: managed=0 ms, native=2711 ms
		Asset DB Callback time: managed=31 ms, native=0 ms
		Scripting: domain reloads=1, domain reload time=1312 ms, compile time=2 ms, other=0 ms
		Project Asset Count: scripts=2068, non-scripts=4781
		Asset File Changes: new=0, changed=0, moved=0, deleted=0
		Scan Filter Count: 0
	InvokePackagesCallback: 1.371ms
	ApplyChangesToAssetFolders: 0.401ms
	Collect global state as custom dependencies: 3.505ms
	ProcessAssetsWithTransientArtifactChanges: 0.249ms
	CategorizeAssets: 93.307ms
	CompileScripts: 1.841ms
	ImportOutOfDateAssets: 2563.828ms (2509.761ms without children)
		CollectScriptTypesHashes: 1.140ms
		ReloadNativeAssets: 1.859ms
		UnloadImportedAssets: 0.318ms
		EnsureUptoDateAssetsAreRegisteredWithGuidPM: 1.373ms
		ImportSchedulerStart: 50.482ms
	PostProcessAllAssets: 31.822ms
		MonoPostProcessAllAssets: 31.817ms
			ShaderGraphAssetPostProcessor.OnPostprocessAllAssets 282.332ms
			AssetPostprocessor.OnPostprocessAllAssets 152.269ms
			PostProcessor.OnPostprocessAllAssets 76.338ms
			InputActionJsonNameModifierAssetProcessor.OnPostprocessAllAssets 61.057ms
			MaterialPostprocessor.OnPostprocessAllAssets 51.202ms
			TextAssetPostProcessor.OnPostprocessAllAssets 29.247ms
			SpriteSlicePostprocessor.OnPostprocessAllAssets 27.194ms
			AssetChangedListener.OnPostprocessAllAssets 21.906ms
			UniversalRenderPipelineGlobalSettingsPostprocessor.OnPostprocessAllAssets 10.853ms
			BuilderAssetPostprocessor.OnPostprocessAllAssets 9.614ms
			SyncVS.PostprocessSyncProject 3.338ms
			RetainedModeAssetPostprocessor.OnPostprocessAllAssets 2.521ms
			WindowAssetPostprocessingWatcher.OnPostprocessAllAssets 2.199ms
			SpeedTree9Postprocessor.OnPostprocessAllAssets 1.977ms
			StyleCatalogPostProcessor.OnPostprocessAllAssets 1.133ms
			SpriteEditorTexturePostprocessor.OnPostprocessAllAssets 0.890ms
			RenderPipelineGlobalSettingsPostprocessor.OnPostprocessAllAssets 0.754ms
			SpriteShapeAssetPostProcessor.OnPostprocessAllAssets 0.745ms
			ArtifactBrowserPostProcessor.OnPostprocessAllAssets 0.745ms
			SpeedTreePostProcessor.OnPostprocessAllAssets 0.585ms
			AudioMixerPostprocessor.OnPostprocessAllAssets 0.506ms
			AssetProcessor.OnPostprocessAllAssets 0.483ms
			UVCSAssetPostprocessor.OnPostprocessAllAssets 0.424ms
			ShaderReflectionAssetPostProcessor.OnPostprocessAllAssets 0.410ms
			SampleDependencyImporterPostProcessor.OnPostprocessAllAssets 0.404ms
			ReferencedClipsPostProcessor.OnPostprocessAllAssets 0.393ms
			AssetEvents.OnPostprocessAllAssets 0.318ms
			InputActionAssetPostprocessor.OnPostprocessAllAssets 0.292ms
			TMPro_TexturePostProcessor.OnPostprocessAllAssets 0.289ms
			SpriteLibraryAssetPostprocessor.OnPostprocessAllAssets 0.256ms
			SamplePostprocessor.OnPostprocessAllAssets 0.161ms
			AssetDatabaseCallbacks.OnPostprocessAllAssets 0.159ms
			TerrainToolbarOverlayPostProcessor.OnPostprocessAllAssets 0.157ms
			PSDImportPostProcessor.OnPostprocessAllAssets 0.155ms
			ScenarioDriftAssetsTracker.OnPostprocessAllAssets 0.145ms
			ConfigAssetsTracker.OnPostprocessAllAssets 0.144ms
			ProjectSettingsPostprocessor.OnPostprocessAllAssets 0.144ms
			AudioContainerPostProcessor.OnPostprocessAllAssets 0.120ms
			PSDImporterAssetPostProcessor.OnPostprocessAllAssets 0.104ms
	GatherAllCurrentPrimaryImportResultRevisions: 0.316ms
	UnloadStreamsBegin: 0.169ms
	PersistCurrentRevisions: 0.188ms
	GenerateScriptTypeHashes: 4.885ms
	GenerateScriptTypeSerializationHashes: 8.705ms
	Untracked: 1355.844ms

Loaded scene 'Temp/__Backupscenes/0.backup'
	Deserialize:            3.325 ms
	Integration:            523.934 ms
	Integration of assets:  0.004 ms
	Thread Wait Time:       0.010 ms
	Total Operation Time:   527.274 ms
Refreshing native plugins compatible for Editor in 6.76 ms, found 6 plugins.
[Licensing::Client] Successfully resolved entitlement details
[Licensing::Client] Successfully resolved entitlement details
2026-06-24 14:48:10.908 (  60.817s) [        21C1492A]   inlet_connection.cpp:54    WARN| The stream named 'toto' can't be recovered automatically if its provider crashes because it doesn't have a unique source ID
2026-06-24 14:48:10.909 (  60.817s) [        21C1492A]             common.cpp:65    INFO| git:5a729e3ed97f79e772f7daf858258ed73c748d09/branch:refs/heads/1.16/build:Release/compiler:MSVC-19.0.24245.0/link:SHARED
Connected to openViBE stream 'toto' with 2 channel(s).
UnityEngine.Debug:ExtractStackTraceNoAlloc (byte*,int,string)
UnityEngine.StackTraceUtility:ExtractStackTrace ()
UnityEngine.DebugLogHandler:Internal_Log (UnityEngine.LogType,UnityEngine.LogOption,string,UnityEngine.Object)
UnityEngine.DebugLogHandler:LogFormat (UnityEngine.LogType,UnityEngine.Object,string,object[])
UnityEngine.Logger:Log (UnityEngine.LogType,object)
UnityEngine.Debug:Log (object)
LSLReceiver:Update () (at Assets/LSLReceiver.cs:27)

(Filename: Assets/LSLReceiver.cs Line: 27)

[Licensing::Client] Successfully resolved entitlement details
[Licensing::Client] Successfully resolved entitlement details
Unloading 12 Unused Serialized files (Serialized files now loaded: 0)
Loaded scene 'Temp/__Backupscenes/0.backup'
	Deserialize:            2.123 ms
	Integration:            335.013 ms
	Integration of assets:  0.003 ms
	Thread Wait Time:       0.006 ms
	Total Operation Time:   337.145 ms
Unloading 57 unused Assets / (465.6 KB). Loaded Objects now: 10217.
Memory consumption went from 0.62 GB to 0.62 GB.
Total: 26.699000 ms (FindLiveObjects: 0.937300 ms CreateObjectMapping: 1.574200 ms MarkObjects: 24.079900 ms  DeleteObjects: 0.106000 ms)

[Licensing::Client] Successfully resolved entitlement details
MonoPathRemapper: Attempts to remap: 73775; Successful remaps: 25238
Serialized file version minimum: 23, current 23
[LAYOUT] About to save layout D:\Unity\Projects\Project 01\UserSettings\Layouts\default-6000.dwlt
[LAYOUT] About to save layout C:/Users/savic/AppData/Roaming/Unity/Editor-5.x/Preferences\Layouts\current\default-6000.dwlt
Input System module state changed to: ShutdownInProgress.
Input Polling Thread exited.
Input System module state changed to: Shutdown.
[Physics::Module] Cleanup current backend.
[Physics::Module] Id: 0xf2b8ea05
[Licensing::IpcConnector] LicenseClient-savic-6000.5.0-notifications channel disconnected successfully.
[Licensing::IpcConnector] LicenseClient-savic-6000.5.0 channel disconnected successfully.
Shut down.
AcceleratorClientConnectionCallback - disconnected - :0
Cleanup mono
CodeReloadManager destroyed
abort_threads: Failed aborting id: 0000000000003E08, mono_thread_manage will ignore it

abort_threads: Failed aborting id: 0000000000003E08, mono_thread_manage will ignore it

debugger-agent: Unable to listen on 4552
Checking for leaked weakptr:
  Found no leaked weakptrs.
[Package Manager] Server process was shutdown
##utp:{"type":"MemoryLeaks","version":2,"phase":"Immediate","time":1782305342848,"processId":7804,"allocatedMemory":57341456,"memoryLabels":[{"Default":223784},{"Permanent":15516},{"NewDelete":73573},{"Thread":4205768},{"Manager":819784},{"VertexData":8},{"Geometry":816},{"Texture":24},{"Shader":865267},{"Material":24},{"GfxDevice":61400},{"GfxThread":1536},{"Animation":952},{"Audio":1168},{"FreeType":8},{"FontEngine":736},{"Physics":2146},{"Physics2D":16},{"Serialization":315896},{"Input":45280},{"JobScheduler":256},{"TextLib":18966},{"Mono":48},{"MonoCode":448},{"ScriptingNativeRuntime":1607252},{"BaseObject":1768339},{"Resource":1208},{"Renderer":3080},{"Transform":4685},{"File":4001},{"WebCam":616},{"Culling":32},{"Terrain":11442},{"Wind":24},{"STL":40},{"String":9236},{"StaticString":3808},{"Utility":2673576},{"PoolAlloc":2360},{"AI":80},{"TypeTree":17269},{"CodeReload":448},{"RuntimeInitializeOnLoadManager":64},{"Sprites":102},{"SpriteAtlas":120},{"GI":7816},{"Director":8296},{"CloudService":6808},{"WebRequest":9633},{"VR":47114},{"SceneManager":608},{"Video":208},{"LazyScriptCache":32},{"NativeArray":33052936},{"Camera":17},{"Secure":265},{"SerializationCache":1576},{"APIUpdating":10320},{"Subsystems":336},{"VirtualTexturing":57888},{"StaticSafetyDebugInfo":278528},{"Analytics":552},{"Hierarchy":1176},{"UIElements":1032088},{"CoreStats":13688},{"Identifiers":13536},{"Gui":802704},{"EditorUtility":199641},{"VersionControl":8},{"Undo":931},{"AssetDatabase":8987039},{"AssetImporter":40},{"EditorGi":328},{"UnityConnect":35345},{"Upm":1988},{"UpmDiagnostics":8},{"AssetCompliance":64},{"DrivenProperties":72},{"LocalIPC":211},{"ProfilerEditor":9746},{"CoreBusinessMetrics":2892},{"Windowing":456},{"Licensing":664},{"AssetReference":32},{"IPCStream":32}]}
